[2026-03-22T19:15:27.552+0530][0.042s][info][gc,init] CardTable entry size: 512
[2026-03-22T19:15:27.553+0530][0.043s][info][gc     ] Using G1
[2026-03-22T19:15:27.556+0530][0.047s][info][gc,init] Version: 22.0.2+9-70 (release)
[2026-03-22T19:15:27.556+0530][0.047s][info][gc,init] CPUs: 4 total, 4 available
[2026-03-22T19:15:27.556+0530][0.047s][info][gc,init] Memory: 8088M
[2026-03-22T19:15:27.556+0530][0.047s][info][gc,init] Large Page Support: Disabled
[2026-03-22T19:15:27.556+0530][0.047s][info][gc,init] NUMA Support: Disabled
[2026-03-22T19:15:27.556+0530][0.047s][info][gc,init] Compressed Oops: Enabled (32-bit)
[2026-03-22T19:15:27.556+0530][0.048s][info][gc,init] Heap Region Size: 1M
[2026-03-22T19:15:27.556+0530][0.048s][info][gc,init] Heap Min Capacity: 8M
[2026-03-22T19:15:27.558+0530][0.048s][info][gc,init] Heap Initial Capacity: 128M
[2026-03-22T19:15:27.558+0530][0.048s][info][gc,init] Heap Max Capacity: 2024M
[2026-03-22T19:15:27.558+0530][0.048s][info][gc,init] Pre-touch: Disabled
[2026-03-22T19:15:27.558+0530][0.048s][info][gc,init] Parallel Workers: 4
[2026-03-22T19:15:27.558+0530][0.048s][info][gc,init] Concurrent Workers: 1
[2026-03-22T19:15:27.558+0530][0.048s][info][gc,init] Concurrent Refinement Workers: 4
[2026-03-22T19:15:27.558+0530][0.048s][info][gc,init] Periodic GC: Disabled
[2026-03-22T19:15:27.577+0530][0.067s][info][gc,metaspace] CDS archive(s) mapped at: [0x000001ef82000000-0x000001ef82c60000-0x000001ef82c60000), size 12976128, SharedBaseAddress: 0x000001ef82000000, ArchiveRelocationMode: 1.
[2026-03-22T19:15:27.577+0530][0.067s][info][gc,metaspace] Compressed class space mapped at: 0x000001ef83000000-0x000001efc3000000, reserved size: 1073741824
[2026-03-22T19:15:27.577+0530][0.067s][info][gc,metaspace] Narrow klass base: 0x000001ef82000000, Narrow klass shift: 0, Narrow klass range: 0x41000000
[2026-03-22T19:15:29.386+0530][1.877s][info][gc,start    ] GC(0) Pause Young (Normal) (G1 Evacuation Pause)
[2026-03-22T19:15:29.386+0530][1.877s][info][gc,task     ] GC(0) Using 3 workers of 4 for evacuation
[2026-03-22T19:15:29.394+0530][1.884s][info][gc,phases   ] GC(0)   Pre Evacuate Collection Set: 0.16ms
[2026-03-22T19:15:29.394+0530][1.884s][info][gc,phases   ] GC(0)   Merge Heap Roots: 0.14ms
[2026-03-22T19:15:29.394+0530][1.884s][info][gc,phases   ] GC(0)   Evacuate Collection Set: 5.47ms
[2026-03-22T19:15:29.394+0530][1.884s][info][gc,phases   ] GC(0)   Post Evacuate Collection Set: 0.82ms
[2026-03-22T19:15:29.394+0530][1.884s][info][gc,phases   ] GC(0)   Other: 0.38ms
[2026-03-22T19:15:29.394+0530][1.885s][info][gc,heap     ] GC(0) Eden regions: 14->0(12)
[2026-03-22T19:15:29.394+0530][1.885s][info][gc,heap     ] GC(0) Survivor regions: 0->2(2)
[2026-03-22T19:15:29.394+0530][1.885s][info][gc,heap     ] GC(0) Old regions: 0->5
[2026-03-22T19:15:29.394+0530][1.885s][info][gc,heap     ] GC(0) Humongous regions: 2->2
[2026-03-22T19:15:29.394+0530][1.885s][info][gc,metaspace] GC(0) Metaspace: 4244K(4416K)->4244K(4416K) NonClass: 3826K(3904K)->3826K(3904K) Class: 418K(512K)->418K(512K)
[2026-03-22T19:15:29.394+0530][1.885s][info][gc          ] GC(0) Pause Young (Normal) (G1 Evacuation Pause) 16M->8M(128M) 7.641ms
[2026-03-22T19:15:29.394+0530][1.885s][info][gc,cpu      ] GC(0) User=0.03s Sys=0.02s Real=0.01s
[2026-03-22T19:15:30.232+0530][2.722s][info][gc,start    ] GC(1) Pause Young (Normal) (G1 Evacuation Pause)
[2026-03-22T19:15:30.232+0530][2.722s][info][gc,task     ] GC(1) Using 3 workers of 4 for evacuation
[2026-03-22T19:15:30.239+0530][2.729s][info][gc,phases   ] GC(1)   Pre Evacuate Collection Set: 0.12ms
[2026-03-22T19:15:30.239+0530][2.729s][info][gc,phases   ] GC(1)   Merge Heap Roots: 0.09ms
[2026-03-22T19:15:30.239+0530][2.729s][info][gc,phases   ] GC(1)   Evacuate Collection Set: 5.91ms
[2026-03-22T19:15:30.239+0530][2.729s][info][gc,phases   ] GC(1)   Post Evacuate Collection Set: 0.63ms
[2026-03-22T19:15:30.239+0530][2.729s][info][gc,phases   ] GC(1)   Other: 0.13ms
[2026-03-22T19:15:30.239+0530][2.729s][info][gc,heap     ] GC(1) Eden regions: 12->0(25)
[2026-03-22T19:15:30.239+0530][2.729s][info][gc,heap     ] GC(1) Survivor regions: 2->2(2)
[2026-03-22T19:15:30.239+0530][2.729s][info][gc,heap     ] GC(1) Old regions: 5->7
[2026-03-22T19:15:30.239+0530][2.729s][info][gc,heap     ] GC(1) Humongous regions: 2->2
[2026-03-22T19:15:30.239+0530][2.729s][info][gc,metaspace] GC(1) Metaspace: 9367K(9600K)->9367K(9600K) NonClass: 8377K(8512K)->8377K(8512K) Class: 989K(1088K)->989K(1088K)
[2026-03-22T19:15:30.239+0530][2.729s][info][gc          ] GC(1) Pause Young (Normal) (G1 Evacuation Pause) 20M->10M(128M) 7.356ms
[2026-03-22T19:15:30.239+0530][2.729s][info][gc,cpu      ] GC(1) User=0.03s Sys=0.02s Real=0.01s
[2026-03-22T19:15:31.380+0530][3.870s][info][gc,start    ] GC(2) Pause Young (Normal) (G1 Evacuation Pause)
[2026-03-22T19:15:31.380+0530][3.870s][info][gc,task     ] GC(2) Using 4 workers of 4 for evacuation
[2026-03-22T19:15:31.385+0530][3.876s][info][gc,phases   ] GC(2)   Pre Evacuate Collection Set: 0.13ms
[2026-03-22T19:15:31.385+0530][3.876s][info][gc,phases   ] GC(2)   Merge Heap Roots: 0.06ms
[2026-03-22T19:15:31.385+0530][3.876s][info][gc,phases   ] GC(2)   Evacuate Collection Set: 4.87ms
[2026-03-22T19:15:31.385+0530][3.876s][info][gc,phases   ] GC(2)   Post Evacuate Collection Set: 0.87ms
[2026-03-22T19:15:31.385+0530][3.877s][info][gc,phases   ] GC(2)   Other: 0.18ms
[2026-03-22T19:15:31.385+0530][3.877s][info][gc,heap     ] GC(2) Eden regions: 26->0(72)
[2026-03-22T19:15:31.385+0530][3.877s][info][gc,heap     ] GC(2) Survivor regions: 2->4(4)
[2026-03-22T19:15:31.385+0530][3.877s][info][gc,heap     ] GC(2) Old regions: 7->7
[2026-03-22T19:15:31.385+0530][3.877s][info][gc,heap     ] GC(2) Humongous regions: 2->2
[2026-03-22T19:15:31.385+0530][3.877s][info][gc,metaspace] GC(2) Metaspace: 14469K(14784K)->14469K(14784K) NonClass: 12800K(12992K)->12800K(12992K) Class: 1668K(1792K)->1668K(1792K)
[2026-03-22T19:15:31.385+0530][3.877s][info][gc          ] GC(2) Pause Young (Normal) (G1 Evacuation Pause) 36M->11M(128M) 6.530ms
[2026-03-22T19:15:31.385+0530][3.877s][info][gc,cpu      ] GC(2) User=0.00s Sys=0.00s Real=0.00s
[2026-03-22T19:15:32.231+0530][4.721s][info][gc,start    ] GC(3) Pause Young (Concurrent Start) (CodeCache GC Threshold)
[2026-03-22T19:15:32.231+0530][4.721s][info][gc,task     ] GC(3) Using 4 workers of 4 for evacuation
[2026-03-22T19:15:32.238+0530][4.729s][info][gc,phases   ] GC(3)   Pre Evacuate Collection Set: 0.20ms
[2026-03-22T19:15:32.238+0530][4.729s][info][gc,phases   ] GC(3)   Merge Heap Roots: 0.06ms
[2026-03-22T19:15:32.238+0530][4.729s][info][gc,phases   ] GC(3)   Evacuate Collection Set: 5.84ms
[2026-03-22T19:15:32.238+0530][4.729s][info][gc,phases   ] GC(3)   Post Evacuate Collection Set: 1.05ms
[2026-03-22T19:15:32.238+0530][4.729s][info][gc,phases   ] GC(3)   Other: 0.16ms
[2026-03-22T19:15:32.238+0530][4.729s][info][gc,heap     ] GC(3) Eden regions: 18->0(71)
[2026-03-22T19:15:32.238+0530][4.729s][info][gc,heap     ] GC(3) Survivor regions: 4->5(10)
[2026-03-22T19:15:32.238+0530][4.729s][info][gc,heap     ] GC(3) Old regions: 7->7
[2026-03-22T19:15:32.238+0530][4.729s][info][gc,heap     ] GC(3) Humongous regions: 2->2
[2026-03-22T19:15:32.238+0530][4.729s][info][gc,metaspace] GC(3) Metaspace: 17342K(17728K)->17342K(17728K) NonClass: 15232K(15424K)->15232K(15424K) Class: 2110K(2304K)->2110K(2304K)
[2026-03-22T19:15:32.238+0530][4.729s][info][gc          ] GC(3) Pause Young (Concurrent Start) (CodeCache GC Threshold) 28M->12M(128M) 7.866ms
[2026-03-22T19:15:32.238+0530][4.729s][info][gc,cpu      ] GC(3) User=0.06s Sys=0.00s Real=0.01s
[2026-03-22T19:15:32.238+0530][4.729s][info][gc          ] GC(4) Concurrent Mark Cycle
[2026-03-22T19:15:32.238+0530][4.729s][info][gc,marking  ] GC(4) Concurrent Scan Root Regions
[2026-03-22T19:15:32.246+0530][4.736s][info][gc,marking  ] GC(4) Concurrent Scan Root Regions 6.981ms
[2026-03-22T19:15:32.246+0530][4.736s][info][gc,marking  ] GC(4) Concurrent Mark
[2026-03-22T19:15:32.246+0530][4.736s][info][gc,marking  ] GC(4) Concurrent Mark From Roots
[2026-03-22T19:15:32.246+0530][4.737s][info][gc,task     ] GC(4) Using 1 workers of 1 for marking
[2026-03-22T19:15:32.253+0530][4.743s][info][gc,marking  ] GC(4) Concurrent Mark From Roots 6.388ms
[2026-03-22T19:15:32.253+0530][4.743s][info][gc,marking  ] GC(4) Concurrent Preclean
[2026-03-22T19:15:32.253+0530][4.743s][info][gc,marking  ] GC(4) Concurrent Preclean 0.063ms
[2026-03-22T19:15:32.253+0530][4.743s][info][gc,start    ] GC(4) Pause Remark
[2026-03-22T19:15:32.254+0530][4.746s][info][gc          ] GC(4) Pause Remark 13M->13M(47M) 2.674ms
[2026-03-22T19:15:32.255+0530][4.746s][info][gc,cpu      ] GC(4) User=0.00s Sys=0.00s Real=0.00s
[2026-03-22T19:15:32.255+0530][4.746s][info][gc,marking  ] GC(4) Concurrent Mark 9.541ms
[2026-03-22T19:15:32.255+0530][4.746s][info][gc,marking  ] GC(4) Concurrent Rebuild Remembered Sets and Scrub Regions
[2026-03-22T19:15:32.258+0530][4.748s][info][gc,marking  ] GC(4) Concurrent Rebuild Remembered Sets and Scrub Regions 2.134ms
[2026-03-22T19:15:32.261+0530][4.752s][info][gc,start    ] GC(4) Pause Cleanup
[2026-03-22T19:15:32.262+0530][4.752s][info][gc          ] GC(4) Pause Cleanup 13M->13M(47M) 0.170ms
[2026-03-22T19:15:32.262+0530][4.752s][info][gc,cpu      ] GC(4) User=0.00s Sys=0.00s Real=0.00s
[2026-03-22T19:15:32.262+0530][4.752s][info][gc,marking  ] GC(4) Concurrent Clear Claimed Marks
[2026-03-22T19:15:32.262+0530][4.752s][info][gc,marking  ] GC(4) Concurrent Clear Claimed Marks 0.069ms
[2026-03-22T19:15:32.262+0530][4.752s][info][gc,marking  ] GC(4) Concurrent Cleanup for Next Mark
[2026-03-22T19:15:32.262+0530][4.753s][info][gc,marking  ] GC(4) Concurrent Cleanup for Next Mark 0.581ms
[2026-03-22T19:15:32.262+0530][4.753s][info][gc          ] GC(4) Concurrent Mark Cycle 23.530ms
[2026-03-22T19:15:33.018+0530][5.510s][info][gc,start    ] GC(5) Pause Young (Prepare Mixed) (G1 Evacuation Pause)
[2026-03-22T19:15:33.018+0530][5.510s][info][gc,task     ] GC(5) Using 4 workers of 4 for evacuation
[2026-03-22T19:15:33.031+0530][5.522s][info][gc,phases   ] GC(5)   Pre Evacuate Collection Set: 0.12ms
[2026-03-22T19:15:33.031+0530][5.522s][info][gc,phases   ] GC(5)   Merge Heap Roots: 0.07ms
[2026-03-22T19:15:33.031+0530][5.522s][info][gc,phases   ] GC(5)   Evacuate Collection Set: 11.32ms
[2026-03-22T19:15:33.031+0530][5.522s][info][gc,phases   ] GC(5)   Post Evacuate Collection Set: 1.00ms
[2026-03-22T19:15:33.031+0530][5.522s][info][gc,phases   ] GC(5)   Other: 0.13ms
[2026-03-22T19:15:33.031+0530][5.523s][info][gc,heap     ] GC(5) Eden regions: 23->0(22)
[2026-03-22T19:15:33.031+0530][5.523s][info][gc,heap     ] GC(5) Survivor regions: 5->3(4)
[2026-03-22T19:15:33.031+0530][5.523s][info][gc,heap     ] GC(5) Old regions: 7->10
[2026-03-22T19:15:33.031+0530][5.523s][info][gc,heap     ] GC(5) Humongous regions: 2->2
[2026-03-22T19:15:33.031+0530][5.523s][info][gc,metaspace] GC(5) Metaspace: 21769K(22144K)->21769K(22144K) NonClass: 19059K(19264K)->19059K(19264K) Class: 2710K(2880K)->2710K(2880K)
[2026-03-22T19:15:33.031+0530][5.523s][info][gc          ] GC(5) Pause Young (Prepare Mixed) (G1 Evacuation Pause) 35M->14M(47M) 13.210ms
[2026-03-22T19:15:33.031+0530][5.523s][info][gc,cpu      ] GC(5) User=0.03s Sys=0.02s Real=0.01s
[2026-03-22T19:15:33.656+0530][6.146s][info][gc,start    ] GC(6) Pause Young (Mixed) (G1 Evacuation Pause)
[2026-03-22T19:15:33.656+0530][6.146s][info][gc,task     ] GC(6) Using 4 workers of 4 for evacuation
[2026-03-22T19:15:33.666+0530][6.156s][info][gc,phases   ] GC(6)   Pre Evacuate Collection Set: 0.12ms
[2026-03-22T19:15:33.666+0530][6.156s][info][gc,phases   ] GC(6)   Merge Heap Roots: 0.07ms
[2026-03-22T19:15:33.666+0530][6.156s][info][gc,phases   ] GC(6)   Evacuate Collection Set: 8.92ms
[2026-03-22T19:15:33.666+0530][6.156s][info][gc,phases   ] GC(6)   Post Evacuate Collection Set: 0.89ms
[2026-03-22T19:15:33.666+0530][6.156s][info][gc,phases   ] GC(6)   Other: 0.13ms
[2026-03-22T19:15:33.666+0530][6.156s][info][gc,heap     ] GC(6) Eden regions: 22->0(22)
[2026-03-22T19:15:33.666+0530][6.156s][info][gc,heap     ] GC(6) Survivor regions: 3->3(4)
[2026-03-22T19:15:33.666+0530][6.156s][info][gc,heap     ] GC(6) Old regions: 10->11
[2026-03-22T19:15:33.666+0530][6.156s][info][gc,heap     ] GC(6) Humongous regions: 2->2
[2026-03-22T19:15:33.666+0530][6.156s][info][gc,metaspace] GC(6) Metaspace: 25778K(26240K)->25778K(26240K) NonClass: 22523K(22784K)->22523K(22784K) Class: 3255K(3456K)->3255K(3456K)
[2026-03-22T19:15:33.666+0530][6.157s][info][gc          ] GC(6) Pause Young (Mixed) (G1 Evacuation Pause) 36M->15M(47M) 10.677ms
[2026-03-22T19:15:33.666+0530][6.157s][info][gc,cpu      ] GC(6) User=0.00s Sys=0.00s Real=0.01s
[2026-03-22T19:15:34.181+0530][6.671s][info][gc,start    ] GC(7) Pause Young (Concurrent Start) (Metadata GC Threshold)
[2026-03-22T19:15:34.181+0530][6.671s][info][gc,task     ] GC(7) Using 4 workers of 4 for evacuation
[2026-03-22T19:15:34.188+0530][6.679s][info][gc,phases   ] GC(7)   Pre Evacuate Collection Set: 0.13ms
[2026-03-22T19:15:34.188+0530][6.679s][info][gc,phases   ] GC(7)   Merge Heap Roots: 0.09ms
[2026-03-22T19:15:34.188+0530][6.679s][info][gc,phases   ] GC(7)   Evacuate Collection Set: 7.16ms
[2026-03-22T19:15:34.188+0530][6.680s][info][gc,phases   ] GC(7)   Post Evacuate Collection Set: 0.71ms
[2026-03-22T19:15:34.188+0530][6.680s][info][gc,phases   ] GC(7)   Other: 0.17ms
[2026-03-22T19:15:34.188+0530][6.680s][info][gc,heap     ] GC(7) Eden regions: 20->0(21)
[2026-03-22T19:15:34.188+0530][6.680s][info][gc,heap     ] GC(7) Survivor regions: 3->3(4)
[2026-03-22T19:15:34.188+0530][6.680s][info][gc,heap     ] GC(7) Old regions: 11->13
[2026-03-22T19:15:34.188+0530][6.680s][info][gc,heap     ] GC(7) Humongous regions: 2->2
[2026-03-22T19:15:34.188+0530][6.680s][info][gc,metaspace] GC(7) Metaspace: 29133K(29568K)->29133K(29568K) NonClass: 25489K(25728K)->25489K(25728K) Class: 3643K(3840K)->3643K(3840K)
[2026-03-22T19:15:34.188+0530][6.680s][info][gc          ] GC(7) Pause Young (Concurrent Start) (Metadata GC Threshold) 34M->17M(47M) 8.792ms
[2026-03-22T19:15:34.189+0530][6.680s][info][gc          ] GC(8) Concurrent Mark Cycle
[2026-03-22T19:15:34.189+0530][6.680s][info][gc,cpu      ] GC(7) User=0.05s Sys=0.00s Real=0.01s
[2026-03-22T19:15:34.189+0530][6.680s][info][gc,marking  ] GC(8) Concurrent Scan Root Regions
[2026-03-22T19:15:34.196+0530][6.686s][info][gc,marking  ] GC(8) Concurrent Scan Root Regions 6.591ms
[2026-03-22T19:15:34.196+0530][6.687s][info][gc,marking  ] GC(8) Concurrent Mark
[2026-03-22T19:15:34.196+0530][6.687s][info][gc,marking  ] GC(8) Concurrent Mark From Roots
[2026-03-22T19:15:34.196+0530][6.687s][info][gc,task     ] GC(8) Using 1 workers of 1 for marking
[2026-03-22T19:15:34.220+0530][6.710s][info][gc,marking  ] GC(8) Concurrent Mark From Roots 23.551ms
[2026-03-22T19:15:34.220+0530][6.710s][info][gc,marking  ] GC(8) Concurrent Preclean
[2026-03-22T19:15:34.220+0530][6.710s][info][gc,marking  ] GC(8) Concurrent Preclean 0.101ms
[2026-03-22T19:15:34.220+0530][6.710s][info][gc,start    ] GC(8) Pause Remark
[2026-03-22T19:15:34.223+0530][6.714s][info][gc          ] GC(8) Pause Remark 18M->18M(47M) 3.986ms
[2026-03-22T19:15:34.223+0530][6.715s][info][gc,cpu      ] GC(8) User=0.00s Sys=0.00s Real=0.00s
[2026-03-22T19:15:34.223+0530][6.715s][info][gc,marking  ] GC(8) Concurrent Mark 28.104ms
[2026-03-22T19:15:34.223+0530][6.715s][info][gc,marking  ] GC(8) Concurrent Rebuild Remembered Sets and Scrub Regions
[2026-03-22T19:15:34.234+0530][6.724s][info][gc,marking  ] GC(8) Concurrent Rebuild Remembered Sets and Scrub Regions 9.402ms
[2026-03-22T19:15:34.234+0530][6.724s][info][gc,start    ] GC(8) Pause Cleanup
[2026-03-22T19:15:34.234+0530][6.724s][info][gc          ] GC(8) Pause Cleanup 19M->19M(47M) 0.106ms
[2026-03-22T19:15:34.234+0530][6.724s][info][gc,cpu      ] GC(8) User=0.00s Sys=0.00s Real=0.00s
[2026-03-22T19:15:34.234+0530][6.724s][info][gc,marking  ] GC(8) Concurrent Clear Claimed Marks
[2026-03-22T19:15:34.234+0530][6.725s][info][gc,marking  ] GC(8) Concurrent Clear Claimed Marks 0.090ms
[2026-03-22T19:15:34.234+0530][6.725s][info][gc,marking  ] GC(8) Concurrent Cleanup for Next Mark
[2026-03-22T19:15:34.235+0530][6.725s][info][gc,marking  ] GC(8) Concurrent Cleanup for Next Mark 0.303ms
[2026-03-22T19:15:34.235+0530][6.725s][info][gc          ] GC(8) Concurrent Mark Cycle 45.151ms
[2026-03-22T19:15:34.726+0530][7.218s][info][gc,start    ] GC(9) Pause Young (Normal) (G1 Evacuation Pause)
[2026-03-22T19:15:34.726+0530][7.218s][info][gc,task     ] GC(9) Using 4 workers of 4 for evacuation
[2026-03-22T19:15:34.733+0530][7.224s][info][gc,phases   ] GC(9)   Pre Evacuate Collection Set: 0.13ms
[2026-03-22T19:15:34.733+0530][7.224s][info][gc,phases   ] GC(9)   Merge Heap Roots: 0.08ms
[2026-03-22T19:15:34.733+0530][7.224s][info][gc,phases   ] GC(9)   Evacuate Collection Set: 5.03ms
[2026-03-22T19:15:34.733+0530][7.224s][info][gc,phases   ] GC(9)   Post Evacuate Collection Set: 0.66ms
[2026-03-22T19:15:34.733+0530][7.224s][info][gc,phases   ] GC(9)   Other: 0.14ms
[2026-03-22T19:15:34.733+0530][7.224s][info][gc,heap     ] GC(9) Eden regions: 21->0(21)
[2026-03-22T19:15:34.733+0530][7.224s][info][gc,heap     ] GC(9) Survivor regions: 3->3(3)
[2026-03-22T19:15:34.733+0530][7.224s][info][gc,heap     ] GC(9) Old regions: 13->14
[2026-03-22T19:15:34.733+0530][7.224s][info][gc,heap     ] GC(9) Humongous regions: 2->2
[2026-03-22T19:15:34.733+0530][7.224s][info][gc,metaspace] GC(9) Metaspace: 31059K(31552K)->31059K(31552K) NonClass: 27044K(27328K)->27044K(27328K) Class: 4015K(4224K)->4015K(4224K)
[2026-03-22T19:15:34.733+0530][7.224s][info][gc          ] GC(9) Pause Young (Normal) (G1 Evacuation Pause) 38M->18M(47M) 6.613ms
[2026-03-22T19:15:34.733+0530][7.224s][info][gc,cpu      ] GC(9) User=0.02s Sys=0.00s Real=0.01s
[2026-03-22T19:15:35.405+0530][7.895s][info][gc,start    ] GC(10) Pause Young (Normal) (G1 Evacuation Pause)
[2026-03-22T19:15:35.405+0530][7.896s][info][gc,task     ] GC(10) Using 4 workers of 4 for evacuation
[2026-03-22T19:15:35.411+0530][7.902s][info][gc,phases   ] GC(10)   Pre Evacuate Collection Set: 0.12ms
[2026-03-22T19:15:35.411+0530][7.902s][info][gc,phases   ] GC(10)   Merge Heap Roots: 0.08ms
[2026-03-22T19:15:35.411+0530][7.902s][info][gc,phases   ] GC(10)   Evacuate Collection Set: 4.98ms
[2026-03-22T19:15:35.412+0530][7.902s][info][gc,phases   ] GC(10)   Post Evacuate Collection Set: 0.76ms
[2026-03-22T19:15:35.412+0530][7.902s][info][gc,phases   ] GC(10)   Other: 0.16ms
[2026-03-22T19:15:35.412+0530][7.902s][info][gc,heap     ] GC(10) Eden regions: 21->0(20)
[2026-03-22T19:15:35.412+0530][7.902s][info][gc,heap     ] GC(10) Survivor regions: 3->3(3)
[2026-03-22T19:15:35.412+0530][7.902s][info][gc,heap     ] GC(10) Old regions: 14->16
[2026-03-22T19:15:35.412+0530][7.902s][info][gc,heap     ] GC(10) Humongous regions: 2->2
[2026-03-22T19:15:35.412+0530][7.902s][info][gc,metaspace] GC(10) Metaspace: 31699K(32192K)->31699K(32192K) NonClass: 27583K(27840K)->27583K(27840K) Class: 4115K(4352K)->4115K(4352K)
[2026-03-22T19:15:35.412+0530][7.902s][info][gc          ] GC(10) Pause Young (Normal) (G1 Evacuation Pause) 39M->20M(47M) 6.690ms
[2026-03-22T19:15:35.412+0530][7.902s][info][gc,cpu      ] GC(10) User=0.06s Sys=0.00s Real=0.01s
[2026-03-22T19:15:35.988+0530][8.478s][info][gc,start    ] GC(11) Pause Young (Normal) (G1 Evacuation Pause)
[2026-03-22T19:15:35.988+0530][8.478s][info][gc,task     ] GC(11) Using 4 workers of 4 for evacuation
[2026-03-22T19:15:35.994+0530][8.485s][info][gc,phases   ] GC(11)   Pre Evacuate Collection Set: 0.12ms
[2026-03-22T19:15:35.994+0530][8.485s][info][gc,phases   ] GC(11)   Merge Heap Roots: 0.09ms
[2026-03-22T19:15:35.994+0530][8.485s][info][gc,phases   ] GC(11)   Evacuate Collection Set: 5.19ms
[2026-03-22T19:15:35.994+0530][8.485s][info][gc,phases   ] GC(11)   Post Evacuate Collection Set: 0.62ms
[2026-03-22T19:15:35.994+0530][8.485s][info][gc,phases   ] GC(11)   Other: 0.11ms
[2026-03-22T19:15:35.994+0530][8.485s][info][gc,heap     ] GC(11) Eden regions: 20->0(19)
[2026-03-22T19:15:35.994+0530][8.485s][info][gc,heap     ] GC(11) Survivor regions: 3->3(3)
[2026-03-22T19:15:35.994+0530][8.485s][info][gc,heap     ] GC(11) Old regions: 16->17
[2026-03-22T19:15:35.994+0530][8.485s][info][gc,heap     ] GC(11) Humongous regions: 2->2
[2026-03-22T19:15:35.994+0530][8.485s][info][gc,metaspace] GC(11) Metaspace: 33479K(33984K)->33479K(33984K) NonClass: 29108K(29376K)->29108K(29376K) Class: 4370K(4608K)->4370K(4608K)
[2026-03-22T19:15:35.994+0530][8.485s][info][gc          ] GC(11) Pause Young (Normal) (G1 Evacuation Pause) 40M->21M(47M) 6.482ms
[2026-03-22T19:15:35.994+0530][8.485s][info][gc,cpu      ] GC(11) User=0.00s Sys=0.00s Real=0.01s
[2026-03-22T19:15:36.540+0530][9.030s][info][gc,start    ] GC(12) Pause Young (Normal) (G1 Evacuation Pause)
[2026-03-22T19:15:36.540+0530][9.030s][info][gc,task     ] GC(12) Using 4 workers of 4 for evacuation
[2026-03-22T19:15:36.545+0530][9.037s][info][gc,phases   ] GC(12)   Pre Evacuate Collection Set: 0.15ms
[2026-03-22T19:15:36.545+0530][9.037s][info][gc,phases   ] GC(12)   Merge Heap Roots: 0.10ms
[2026-03-22T19:15:36.545+0530][9.037s][info][gc,phases   ] GC(12)   Evacuate Collection Set: 5.35ms
[2026-03-22T19:15:36.546+0530][9.037s][info][gc,phases   ] GC(12)   Post Evacuate Collection Set: 0.77ms
[2026-03-22T19:15:36.546+0530][9.037s][info][gc,phases   ] GC(12)   Other: 0.12ms
[2026-03-22T19:15:36.546+0530][9.037s][info][gc,heap     ] GC(12) Eden regions: 19->0(27)
[2026-03-22T19:15:36.546+0530][9.037s][info][gc,heap     ] GC(12) Survivor regions: 3->3(3)
[2026-03-22T19:15:36.546+0530][9.037s][info][gc,heap     ] GC(12) Old regions: 17->18
[2026-03-22T19:15:36.546+0530][9.037s][info][gc,heap     ] GC(12) Humongous regions: 2->2
[2026-03-22T19:15:36.546+0530][9.037s][info][gc,metaspace] GC(12) Metaspace: 35119K(35584K)->35119K(35584K) NonClass: 30481K(30720K)->30481K(30720K) Class: 4637K(4864K)->4637K(4864K)
[2026-03-22T19:15:36.546+0530][9.037s][info][gc          ] GC(12) Pause Young (Normal) (G1 Evacuation Pause) 40M->22M(57M) 6.893ms
[2026-03-22T19:15:36.546+0530][9.037s][info][gc,cpu      ] GC(12) User=0.00s Sys=0.02s Real=0.01s
[2026-03-22T19:15:37.357+0530][9.848s][info][gc,start    ] GC(13) Pause Young (Normal) (G1 Evacuation Pause)
[2026-03-22T19:15:37.357+0530][9.848s][info][gc,task     ] GC(13) Using 4 workers of 4 for evacuation
[2026-03-22T19:15:37.365+0530][9.856s][info][gc,phases   ] GC(13)   Pre Evacuate Collection Set: 0.10ms
[2026-03-22T19:15:37.365+0530][9.856s][info][gc,phases   ] GC(13)   Merge Heap Roots: 0.08ms
[2026-03-22T19:15:37.365+0530][9.856s][info][gc,phases   ] GC(13)   Evacuate Collection Set: 6.92ms
[2026-03-22T19:15:37.365+0530][9.856s][info][gc,phases   ] GC(13)   Post Evacuate Collection Set: 0.70ms
[2026-03-22T19:15:37.365+0530][9.856s][info][gc,phases   ] GC(13)   Other: 0.09ms
[2026-03-22T19:15:37.365+0530][9.856s][info][gc,heap     ] GC(13) Eden regions: 27->0(23)
[2026-03-22T19:15:37.365+0530][9.856s][info][gc,heap     ] GC(13) Survivor regions: 3->4(4)
[2026-03-22T19:15:37.365+0530][9.856s][info][gc,heap     ] GC(13) Old regions: 18->20
[2026-03-22T19:15:37.365+0530][9.856s][info][gc,heap     ] GC(13) Humongous regions: 2->2
[2026-03-22T19:15:37.365+0530][9.856s][info][gc,metaspace] GC(13) Metaspace: 38197K(38656K)->38197K(38656K) NonClass: 33074K(33344K)->33074K(33344K) Class: 5123K(5312K)->5123K(5312K)
[2026-03-22T19:15:37.365+0530][9.856s][info][gc          ] GC(13) Pause Young (Normal) (G1 Evacuation Pause) 49M->24M(57M) 8.240ms
[2026-03-22T19:15:37.365+0530][9.856s][info][gc,cpu      ] GC(13) User=0.06s Sys=0.00s Real=0.01s
[2026-03-22T19:15:38.043+0530][10.534s][info][gc,start    ] GC(14) Pause Young (Normal) (G1 Evacuation Pause)
[2026-03-22T19:15:38.043+0530][10.534s][info][gc,task     ] GC(14) Using 4 workers of 4 for evacuation
[2026-03-22T19:15:38.051+0530][10.543s][info][gc,phases   ] GC(14)   Pre Evacuate Collection Set: 0.12ms
[2026-03-22T19:15:38.052+0530][10.543s][info][gc,phases   ] GC(14)   Merge Heap Roots: 0.07ms
[2026-03-22T19:15:38.052+0530][10.543s][info][gc,phases   ] GC(14)   Evacuate Collection Set: 7.20ms
[2026-03-22T19:15:38.052+0530][10.543s][info][gc,phases   ] GC(14)   Post Evacuate Collection Set: 0.83ms
[2026-03-22T19:15:38.052+0530][10.543s][info][gc,phases   ] GC(14)   Other: 0.09ms
[2026-03-22T19:15:38.052+0530][10.543s][info][gc,heap     ] GC(14) Eden regions: 23->0(22)
[2026-03-22T19:15:38.052+0530][10.543s][info][gc,heap     ] GC(14) Survivor regions: 4->3(4)
[2026-03-22T19:15:38.052+0530][10.543s][info][gc,heap     ] GC(14) Old regions: 20->23
[2026-03-22T19:15:38.052+0530][10.543s][info][gc,heap     ] GC(14) Humongous regions: 2->2
[2026-03-22T19:15:38.052+0530][10.543s][info][gc,metaspace] GC(14) Metaspace: 40978K(41600K)->40978K(41600K) NonClass: 35483K(35840K)->35483K(35840K) Class: 5494K(5760K)->5494K(5760K)
[2026-03-22T19:15:38.052+0530][10.543s][info][gc          ] GC(14) Pause Young (Normal) (G1 Evacuation Pause) 47M->26M(57M) 8.741ms
[2026-03-22T19:15:38.052+0530][10.543s][info][gc,cpu      ] GC(14) User=0.06s Sys=0.00s Real=0.01s
[2026-03-22T19:15:38.961+0530][11.452s][info][gc,start    ] GC(15) Pause Young (Normal) (G1 Evacuation Pause)
[2026-03-22T19:15:38.961+0530][11.452s][info][gc,task     ] GC(15) Using 4 workers of 4 for evacuation
[2026-03-22T19:15:38.968+0530][11.459s][info][gc,phases   ] GC(15)   Pre Evacuate Collection Set: 0.12ms
[2026-03-22T19:15:38.968+0530][11.459s][info][gc,phases   ] GC(15)   Merge Heap Roots: 0.08ms
[2026-03-22T19:15:38.968+0530][11.459s][info][gc,phases   ] GC(15)   Evacuate Collection Set: 5.32ms
[2026-03-22T19:15:38.968+0530][11.459s][info][gc,phases   ] GC(15)   Post Evacuate Collection Set: 0.87ms
[2026-03-22T19:15:38.969+0530][11.459s][info][gc,phases   ] GC(15)   Other: 0.13ms
[2026-03-22T19:15:38.969+0530][11.459s][info][gc,heap     ] GC(15) Eden regions: 22->0(20)
[2026-03-22T19:15:38.969+0530][11.459s][info][gc,heap     ] GC(15) Survivor regions: 3->4(4)
[2026-03-22T19:15:38.969+0530][11.459s][info][gc,heap     ] GC(15) Old regions: 23->23
[2026-03-22T19:15:38.969+0530][11.459s][info][gc,heap     ] GC(15) Humongous regions: 2->2
[2026-03-22T19:15:38.969+0530][11.459s][info][gc,metaspace] GC(15) Metaspace: 43579K(44224K)->43579K(44224K) NonClass: 37728K(38080K)->37728K(38080K) Class: 5850K(6144K)->5850K(6144K)
[2026-03-22T19:15:38.969+0530][11.459s][info][gc          ] GC(15) Pause Young (Normal) (G1 Evacuation Pause) 48M->27M(57M) 7.095ms
[2026-03-22T19:15:38.969+0530][11.459s][info][gc,cpu      ] GC(15) User=0.00s Sys=0.02s Real=0.01s
[2026-03-22T19:15:39.786+0530][12.276s][info][gc,start    ] GC(16) Pause Young (Normal) (G1 Evacuation Pause)
[2026-03-22T19:15:39.786+0530][12.276s][info][gc,task     ] GC(16) Using 4 workers of 4 for evacuation
[2026-03-22T19:15:39.792+0530][12.283s][info][gc,phases   ] GC(16)   Pre Evacuate Collection Set: 0.14ms
[2026-03-22T19:15:39.792+0530][12.283s][info][gc,phases   ] GC(16)   Merge Heap Roots: 0.08ms
[2026-03-22T19:15:39.792+0530][12.283s][info][gc,phases   ] GC(16)   Evacuate Collection Set: 5.78ms
[2026-03-22T19:15:39.792+0530][12.283s][info][gc,phases   ] GC(16)   Post Evacuate Collection Set: 0.79ms
[2026-03-22T19:15:39.792+0530][12.283s][info][gc,phases   ] GC(16)   Other: 0.12ms
[2026-03-22T19:15:39.792+0530][12.283s][info][gc,heap     ] GC(16) Eden regions: 20->0(20)
[2026-03-22T19:15:39.792+0530][12.283s][info][gc,heap     ] GC(16) Survivor regions: 4->3(3)
[2026-03-22T19:15:39.792+0530][12.283s][info][gc,heap     ] GC(16) Old regions: 23->25
[2026-03-22T19:15:39.792+0530][12.283s][info][gc,heap     ] GC(16) Humongous regions: 2->2
[2026-03-22T19:15:39.792+0530][12.283s][info][gc,metaspace] GC(16) Metaspace: 47010K(47680K)->47010K(47680K) NonClass: 40605K(40960K)->40605K(40960K) Class: 6404K(6720K)->6404K(6720K)
[2026-03-22T19:15:39.792+0530][12.284s][info][gc          ] GC(16) Pause Young (Normal) (G1 Evacuation Pause) 47M->28M(57M) 7.451ms
[2026-03-22T19:15:39.792+0530][12.284s][info][gc,cpu      ] GC(16) User=0.00s Sys=0.00s Real=0.01s
[2026-03-22T19:15:40.542+0530][13.032s][info][gc,start    ] GC(17) Pause Young (Concurrent Start) (Metadata GC Threshold)
[2026-03-22T19:15:40.542+0530][13.032s][info][gc,task     ] GC(17) Using 4 workers of 4 for evacuation
[2026-03-22T19:15:40.549+0530][13.039s][info][gc,phases   ] GC(17)   Pre Evacuate Collection Set: 0.14ms
[2026-03-22T19:15:40.549+0530][13.039s][info][gc,phases   ] GC(17)   Merge Heap Roots: 0.12ms
[2026-03-22T19:15:40.549+0530][13.039s][info][gc,phases   ] GC(17)   Evacuate Collection Set: 5.38ms
[2026-03-22T19:15:40.549+0530][13.039s][info][gc,phases   ] GC(17)   Post Evacuate Collection Set: 0.83ms
[2026-03-22T19:15:40.549+0530][13.039s][info][gc,phases   ] GC(17)   Other: 0.19ms
[2026-03-22T19:15:40.549+0530][13.039s][info][gc,heap     ] GC(17) Eden regions: 19->0(21)
[2026-03-22T19:15:40.549+0530][13.039s][info][gc,heap     ] GC(17) Survivor regions: 3->2(3)
[2026-03-22T19:15:40.549+0530][13.039s][info][gc,heap     ] GC(17) Old regions: 25->26
[2026-03-22T19:15:40.549+0530][13.039s][info][gc,heap     ] GC(17) Humongous regions: 2->2
[2026-03-22T19:15:40.549+0530][13.039s][info][gc,metaspace] GC(17) Metaspace: 48972K(49600K)->48972K(49600K) NonClass: 42152K(42496K)->42152K(42496K) Class: 6820K(7104K)->6820K(7104K)
[2026-03-22T19:15:40.549+0530][13.040s][info][gc          ] GC(17) Pause Young (Concurrent Start) (Metadata GC Threshold) 47M->29M(57M) 7.179ms
[2026-03-22T19:15:40.549+0530][13.040s][info][gc          ] GC(18) Concurrent Mark Cycle
[2026-03-22T19:15:40.549+0530][13.040s][info][gc,cpu      ] GC(17) User=0.06s Sys=0.00s Real=0.01s
[2026-03-22T19:15:40.549+0530][13.040s][info][gc,marking  ] GC(18) Concurrent Scan Root Regions
[2026-03-22T19:15:40.557+0530][13.048s][info][gc,marking  ] GC(18) Concurrent Scan Root Regions 7.921ms
[2026-03-22T19:15:40.557+0530][13.048s][info][gc,marking  ] GC(18) Concurrent Mark
[2026-03-22T19:15:40.557+0530][13.048s][info][gc,marking  ] GC(18) Concurrent Mark From Roots
[2026-03-22T19:15:40.557+0530][13.048s][info][gc,task     ] GC(18) Using 1 workers of 1 for marking
[2026-03-22T19:15:40.629+0530][13.120s][info][gc,marking  ] GC(18) Concurrent Mark From Roots 71.861ms
[2026-03-22T19:15:40.629+0530][13.120s][info][gc,marking  ] GC(18) Concurrent Preclean
[2026-03-22T19:15:40.630+0530][13.120s][info][gc,marking  ] GC(18) Concurrent Preclean 0.170ms
[2026-03-22T19:15:40.630+0530][13.120s][info][gc,start    ] GC(18) Pause Remark
[2026-03-22T19:15:40.633+0530][13.124s][info][gc          ] GC(18) Pause Remark 32M->32M(57M) 4.505ms
[2026-03-22T19:15:40.633+0530][13.125s][info][gc,cpu      ] GC(18) User=0.00s Sys=0.00s Real=0.00s
[2026-03-22T19:15:40.633+0530][13.125s][info][gc,marking  ] GC(18) Concurrent Mark 76.969ms
[2026-03-22T19:15:40.633+0530][13.125s][info][gc,marking  ] GC(18) Concurrent Rebuild Remembered Sets and Scrub Regions
[2026-03-22T19:15:40.665+0530][13.156s][info][gc,marking  ] GC(18) Concurrent Rebuild Remembered Sets and Scrub Regions 30.830ms
[2026-03-22T19:15:40.665+0530][13.156s][info][gc,start    ] GC(18) Pause Cleanup
[2026-03-22T19:15:40.665+0530][13.156s][info][gc          ] GC(18) Pause Cleanup 33M->33M(57M) 0.181ms
[2026-03-22T19:15:40.665+0530][13.156s][info][gc,cpu      ] GC(18) User=0.00s Sys=0.00s Real=0.00s
[2026-03-22T19:15:40.665+0530][13.156s][info][gc,marking  ] GC(18) Concurrent Clear Claimed Marks
[2026-03-22T19:15:40.665+0530][13.156s][info][gc,marking  ] GC(18) Concurrent Clear Claimed Marks 0.103ms
[2026-03-22T19:15:40.665+0530][13.156s][info][gc,marking  ] GC(18) Concurrent Cleanup for Next Mark
[2026-03-22T19:15:40.665+0530][13.157s][info][gc,marking  ] GC(18) Concurrent Cleanup for Next Mark 0.334ms
[2026-03-22T19:15:40.665+0530][13.157s][info][gc          ] GC(18) Concurrent Mark Cycle 116.948ms
[2026-03-22T19:15:41.311+0530][13.801s][info][gc,start    ] GC(19) Pause Young (Prepare Mixed) (G1 Evacuation Pause)
[2026-03-22T19:15:41.311+0530][13.801s][info][gc,task     ] GC(19) Using 4 workers of 4 for evacuation
[2026-03-22T19:15:41.317+0530][13.808s][info][gc,phases   ] GC(19)   Pre Evacuate Collection Set: 0.11ms
[2026-03-22T19:15:41.317+0530][13.808s][info][gc,phases   ] GC(19)   Merge Heap Roots: 0.10ms
[2026-03-22T19:15:41.317+0530][13.808s][info][gc,phases   ] GC(19)   Evacuate Collection Set: 5.41ms
[2026-03-22T19:15:41.318+0530][13.808s][info][gc,phases   ] GC(19)   Post Evacuate Collection Set: 0.88ms
[2026-03-22T19:15:41.318+0530][13.808s][info][gc,phases   ] GC(19)   Other: 0.13ms
[2026-03-22T19:15:41.318+0530][13.808s][info][gc,heap     ] GC(19) Eden regions: 21->0(18)
[2026-03-22T19:15:41.318+0530][13.808s][info][gc,heap     ] GC(19) Survivor regions: 2->3(3)
[2026-03-22T19:15:41.318+0530][13.808s][info][gc,heap     ] GC(19) Old regions: 26->27
[2026-03-22T19:15:41.318+0530][13.808s][info][gc,heap     ] GC(19) Humongous regions: 2->2
[2026-03-22T19:15:41.318+0530][13.808s][info][gc,metaspace] GC(19) Metaspace: 51985K(52608K)->51985K(52608K) NonClass: 44633K(44992K)->44633K(44992K) Class: 7352K(7616K)->7352K(7616K)
[2026-03-22T19:15:41.318+0530][13.808s][info][gc          ] GC(19) Pause Young (Prepare Mixed) (G1 Evacuation Pause) 50M->30M(57M) 7.310ms
[2026-03-22T19:15:41.318+0530][13.808s][info][gc,cpu      ] GC(19) User=0.03s Sys=0.00s Real=0.01s
[2026-03-22T19:15:42.476+0530][14.968s][info][gc,start    ] GC(20) Pause Young (Mixed) (G1 Evacuation Pause)
[2026-03-22T19:15:42.477+0530][14.968s][info][gc,task     ] GC(20) Using 4 workers of 4 for evacuation
[2026-03-22T19:15:42.484+0530][14.976s][info][gc,phases   ] GC(20)   Pre Evacuate Collection Set: 0.11ms
[2026-03-22T19:15:42.484+0530][14.976s][info][gc,phases   ] GC(20)   Merge Heap Roots: 0.12ms
[2026-03-22T19:15:42.484+0530][14.976s][info][gc,phases   ] GC(20)   Evacuate Collection Set: 6.48ms
[2026-03-22T19:15:42.484+0530][14.976s][info][gc,phases   ] GC(20)   Post Evacuate Collection Set: 0.89ms
[2026-03-22T19:15:42.484+0530][14.976s][info][gc,phases   ] GC(20)   Other: 0.12ms
[2026-03-22T19:15:42.485+0530][14.976s][info][gc,heap     ] GC(20) Eden regions: 18->0(17)
[2026-03-22T19:15:42.485+0530][14.976s][info][gc,heap     ] GC(20) Survivor regions: 3->3(3)
[2026-03-22T19:15:42.485+0530][14.976s][info][gc,heap     ] GC(20) Old regions: 27->28
[2026-03-22T19:15:42.485+0530][14.976s][info][gc,heap     ] GC(20) Humongous regions: 2->2
[2026-03-22T19:15:42.485+0530][14.976s][info][gc,metaspace] GC(20) Metaspace: 58641K(59264K)->58641K(59264K) NonClass: 50521K(50880K)->50521K(50880K) Class: 8119K(8384K)->8119K(8384K)
[2026-03-22T19:15:42.485+0530][14.976s][info][gc          ] GC(20) Pause Young (Mixed) (G1 Evacuation Pause) 48M->31M(57M) 8.271ms
[2026-03-22T19:15:42.485+0530][14.976s][info][gc,cpu      ] GC(20) User=0.06s Sys=0.00s Real=0.01s
[2026-03-22T19:15:43.102+0530][15.593s][info][gc,start    ] GC(21) Pause Young (Concurrent Start) (G1 Evacuation Pause)
[2026-03-22T19:15:43.102+0530][15.593s][info][gc,task     ] GC(21) Using 4 workers of 4 for evacuation
[2026-03-22T19:15:43.110+0530][15.601s][info][gc,phases   ] GC(21)   Pre Evacuate Collection Set: 0.16ms
[2026-03-22T19:15:43.110+0530][15.601s][info][gc,phases   ] GC(21)   Merge Heap Roots: 0.07ms
[2026-03-22T19:15:43.110+0530][15.601s][info][gc,phases   ] GC(21)   Evacuate Collection Set: 6.77ms
[2026-03-22T19:15:43.110+0530][15.601s][info][gc,phases   ] GC(21)   Post Evacuate Collection Set: 0.85ms
[2026-03-22T19:15:43.110+0530][15.601s][info][gc,phases   ] GC(21)   Other: 0.18ms
[2026-03-22T19:15:43.110+0530][15.601s][info][gc,heap     ] GC(21) Eden regions: 17->0(16)
[2026-03-22T19:15:43.110+0530][15.601s][info][gc,heap     ] GC(21) Survivor regions: 3->3(3)
[2026-03-22T19:15:43.110+0530][15.601s][info][gc,heap     ] GC(21) Old regions: 28->29
[2026-03-22T19:15:43.110+0530][15.601s][info][gc,heap     ] GC(21) Humongous regions: 2->2
[2026-03-22T19:15:43.110+0530][15.601s][info][gc,metaspace] GC(21) Metaspace: 61336K(61952K)->61336K(61952K) NonClass: 52847K(53184K)->52847K(53184K) Class: 8488K(8768K)->8488K(8768K)
[2026-03-22T19:15:43.110+0530][15.601s][info][gc          ] GC(21) Pause Young (Concurrent Start) (G1 Evacuation Pause) 48M->32M(57M) 8.439ms
[2026-03-22T19:15:43.110+0530][15.601s][info][gc          ] GC(22) Concurrent Mark Cycle
[2026-03-22T19:15:43.110+0530][15.601s][info][gc,cpu      ] GC(21) User=0.03s Sys=0.00s Real=0.01s
[2026-03-22T19:15:43.110+0530][15.601s][info][gc,marking  ] GC(22) Concurrent Scan Root Regions
[2026-03-22T19:15:43.117+0530][15.607s][info][gc,marking  ] GC(22) Concurrent Scan Root Regions 5.695ms
[2026-03-22T19:15:43.117+0530][15.607s][info][gc,marking  ] GC(22) Concurrent Mark
[2026-03-22T19:15:43.117+0530][15.607s][info][gc,marking  ] GC(22) Concurrent Mark From Roots
[2026-03-22T19:15:43.117+0530][15.607s][info][gc,task     ] GC(22) Using 1 workers of 1 for marking
[2026-03-22T19:15:43.209+0530][15.701s][info][gc,marking  ] GC(22) Concurrent Mark From Roots 93.231ms
[2026-03-22T19:15:43.209+0530][15.701s][info][gc,marking  ] GC(22) Concurrent Preclean
[2026-03-22T19:15:43.209+0530][15.701s][info][gc,marking  ] GC(22) Concurrent Preclean 0.111ms
[2026-03-22T19:15:43.211+0530][15.701s][info][gc,start    ] GC(22) Pause Remark
[2026-03-22T19:15:43.217+0530][15.708s][info][gc          ] GC(22) Pause Remark 35M->35M(57M) 6.507ms
[2026-03-22T19:15:43.217+0530][15.708s][info][gc,cpu      ] GC(22) User=0.00s Sys=0.00s Real=0.01s
[2026-03-22T19:15:43.217+0530][15.708s][info][gc,marking  ] GC(22) Concurrent Mark 100.403ms
[2026-03-22T19:15:43.217+0530][15.708s][info][gc,marking  ] GC(22) Concurrent Rebuild Remembered Sets and Scrub Regions
[2026-03-22T19:15:43.255+0530][15.746s][info][gc,marking  ] GC(22) Concurrent Rebuild Remembered Sets and Scrub Regions 37.979ms
[2026-03-22T19:15:43.255+0530][15.746s][info][gc,start    ] GC(22) Pause Cleanup
[2026-03-22T19:15:43.255+0530][15.746s][info][gc          ] GC(22) Pause Cleanup 35M->35M(57M) 0.113ms
[2026-03-22T19:15:43.255+0530][15.746s][info][gc,cpu      ] GC(22) User=0.00s Sys=0.00s Real=0.00s
[2026-03-22T19:15:43.255+0530][15.746s][info][gc,marking  ] GC(22) Concurrent Clear Claimed Marks
[2026-03-22T19:15:43.255+0530][15.746s][info][gc,marking  ] GC(22) Concurrent Clear Claimed Marks 0.089ms
[2026-03-22T19:15:43.255+0530][15.746s][info][gc,marking  ] GC(22) Concurrent Cleanup for Next Mark
[2026-03-22T19:15:43.255+0530][15.746s][info][gc,marking  ] GC(22) Concurrent Cleanup for Next Mark 0.201ms
[2026-03-22T19:15:43.255+0530][15.746s][info][gc          ] GC(22) Concurrent Mark Cycle 144.976ms
[2026-03-22T19:15:43.698+0530][16.188s][info][gc,start    ] GC(23) Pause Young (Prepare Mixed) (G1 Evacuation Pause)
[2026-03-22T19:15:43.698+0530][16.188s][info][gc,task     ] GC(23) Using 4 workers of 4 for evacuation
[2026-03-22T19:15:43.702+0530][16.194s][info][gc,phases   ] GC(23)   Pre Evacuate Collection Set: 0.13ms
[2026-03-22T19:15:43.702+0530][16.194s][info][gc,phases   ] GC(23)   Merge Heap Roots: 0.08ms
[2026-03-22T19:15:43.702+0530][16.194s][info][gc,phases   ] GC(23)   Evacuate Collection Set: 3.99ms
[2026-03-22T19:15:43.702+0530][16.194s][info][gc,phases   ] GC(23)   Post Evacuate Collection Set: 0.88ms
[2026-03-22T19:15:43.703+0530][16.194s][info][gc,phases   ] GC(23)   Other: 0.13ms
[2026-03-22T19:15:43.703+0530][16.194s][info][gc,heap     ] GC(23) Eden regions: 16->0(17)
[2026-03-22T19:15:43.703+0530][16.194s][info][gc,heap     ] GC(23) Survivor regions: 3->2(3)
[2026-03-22T19:15:43.703+0530][16.194s][info][gc,heap     ] GC(23) Old regions: 29->30
[2026-03-22T19:15:43.703+0530][16.194s][info][gc,heap     ] GC(23) Humongous regions: 2->2
[2026-03-22T19:15:43.703+0530][16.194s][info][gc,metaspace] GC(23) Metaspace: 64271K(64896K)->64271K(64896K) NonClass: 55492K(55872K)->55492K(55872K) Class: 8778K(9024K)->8778K(9024K)
[2026-03-22T19:15:43.703+0530][16.194s][info][gc          ] GC(23) Pause Young (Prepare Mixed) (G1 Evacuation Pause) 48M->33M(57M) 5.735ms
[2026-03-22T19:15:43.703+0530][16.194s][info][gc,cpu      ] GC(23) User=0.02s Sys=0.00s Real=0.01s
[2026-03-22T19:15:44.302+0530][16.793s][info][gc,start    ] GC(24) Pause Young (Mixed) (G1 Evacuation Pause)
[2026-03-22T19:15:44.302+0530][16.793s][info][gc,task     ] GC(24) Using 4 workers of 4 for evacuation
[2026-03-22T19:15:44.318+0530][16.809s][info][gc,phases   ] GC(24)   Pre Evacuate Collection Set: 0.15ms
[2026-03-22T19:15:44.318+0530][16.809s][info][gc,phases   ] GC(24)   Merge Heap Roots: 0.18ms
[2026-03-22T19:15:44.318+0530][16.809s][info][gc,phases   ] GC(24)   Evacuate Collection Set: 14.04ms
[2026-03-22T19:15:44.318+0530][16.809s][info][gc,phases   ] GC(24)   Post Evacuate Collection Set: 1.42ms
[2026-03-22T19:15:44.318+0530][16.809s][info][gc,phases   ] GC(24)   Other: 0.17ms
[2026-03-22T19:15:44.318+0530][16.809s][info][gc,heap     ] GC(24) Eden regions: 17->0(29)
[2026-03-22T19:15:44.318+0530][16.809s][info][gc,heap     ] GC(24) Survivor regions: 2->2(3)
[2026-03-22T19:15:44.318+0530][16.810s][info][gc,heap     ] GC(24) Old regions: 30->30
[2026-03-22T19:15:44.318+0530][16.810s][info][gc,heap     ] GC(24) Humongous regions: 2->2
[2026-03-22T19:15:44.318+0530][16.810s][info][gc,metaspace] GC(24) Metaspace: 67021K(67776K)->67021K(67776K) NonClass: 57859K(58304K)->57859K(58304K) Class: 9162K(9472K)->9162K(9472K)
[2026-03-22T19:15:44.318+0530][16.810s][info][gc          ] GC(24) Pause Young (Mixed) (G1 Evacuation Pause) 50M->33M(69M) 16.634ms
[2026-03-22T19:15:44.318+0530][16.810s][info][gc,cpu      ] GC(24) User=0.05s Sys=0.00s Real=0.02s
[2026-03-22T19:15:45.789+0530][18.280s][info][gc,start    ] GC(25) Pause Young (Concurrent Start) (G1 Evacuation Pause)
[2026-03-22T19:15:45.789+0530][18.280s][info][gc,task     ] GC(25) Using 4 workers of 4 for evacuation
[2026-03-22T19:15:45.796+0530][18.286s][info][gc,phases   ] GC(25)   Pre Evacuate Collection Set: 0.14ms
[2026-03-22T19:15:45.796+0530][18.286s][info][gc,phases   ] GC(25)   Merge Heap Roots: 0.08ms
[2026-03-22T19:15:45.796+0530][18.286s][info][gc,phases   ] GC(25)   Evacuate Collection Set: 4.71ms
[2026-03-22T19:15:45.796+0530][18.286s][info][gc,phases   ] GC(25)   Post Evacuate Collection Set: 0.94ms
[2026-03-22T19:15:45.796+0530][18.286s][info][gc,phases   ] GC(25)   Other: 0.20ms
[2026-03-22T19:15:45.796+0530][18.286s][info][gc,heap     ] GC(25) Eden regions: 29->0(27)
[2026-03-22T19:15:45.796+0530][18.286s][info][gc,heap     ] GC(25) Survivor regions: 2->3(4)
[2026-03-22T19:15:45.796+0530][18.286s][info][gc,heap     ] GC(25) Old regions: 30->30
[2026-03-22T19:15:45.796+0530][18.286s][info][gc,heap     ] GC(25) Humongous regions: 2->2
[2026-03-22T19:15:45.796+0530][18.286s][info][gc,metaspace] GC(25) Metaspace: 73032K(73792K)->73032K(73792K) NonClass: 62934K(63360K)->62934K(63360K) Class: 10097K(10432K)->10097K(10432K)
[2026-03-22T19:15:45.796+0530][18.286s][info][gc          ] GC(25) Pause Young (Concurrent Start) (G1 Evacuation Pause) 62M->34M(69M) 6.548ms
[2026-03-22T19:15:45.796+0530][18.286s][info][gc,cpu      ] GC(25) User=0.00s Sys=0.00s Real=0.01s
[2026-03-22T19:15:45.796+0530][18.286s][info][gc          ] GC(26) Concurrent Mark Cycle
[2026-03-22T19:15:45.796+0530][18.287s][info][gc,marking  ] GC(26) Concurrent Scan Root Regions
[2026-03-22T19:15:45.802+0530][18.292s][info][gc,marking  ] GC(26) Concurrent Scan Root Regions 5.732ms
[2026-03-22T19:15:45.802+0530][18.292s][info][gc,marking  ] GC(26) Concurrent Mark
[2026-03-22T19:15:45.802+0530][18.292s][info][gc,marking  ] GC(26) Concurrent Mark From Roots
[2026-03-22T19:15:45.802+0530][18.292s][info][gc,task     ] GC(26) Using 1 workers of 1 for marking
[2026-03-22T19:15:45.909+0530][18.401s][info][gc,marking  ] GC(26) Concurrent Mark From Roots 108.203ms
[2026-03-22T19:15:45.909+0530][18.401s][info][gc,marking  ] GC(26) Concurrent Preclean
[2026-03-22T19:15:45.911+0530][18.401s][info][gc,marking  ] GC(26) Concurrent Preclean 0.159ms
[2026-03-22T19:15:45.931+0530][18.421s][info][gc,start    ] GC(26) Pause Remark
[2026-03-22T19:15:45.939+0530][18.430s][info][gc          ] GC(26) Pause Remark 35M->35M(69M) 8.822ms
[2026-03-22T19:15:45.939+0530][18.430s][info][gc,cpu      ] GC(26) User=0.00s Sys=0.00s Real=0.01s
[2026-03-22T19:15:45.939+0530][18.430s][info][gc,marking  ] GC(26) Concurrent Mark 137.812ms
[2026-03-22T19:15:45.939+0530][18.430s][info][gc,marking  ] GC(26) Concurrent Rebuild Remembered Sets and Scrub Regions
[2026-03-22T19:15:45.981+0530][18.471s][info][gc,marking  ] GC(26) Concurrent Rebuild Remembered Sets and Scrub Regions 41.091ms
[2026-03-22T19:15:45.981+0530][18.471s][info][gc,start    ] GC(26) Pause Cleanup
[2026-03-22T19:15:45.981+0530][18.472s][info][gc          ] GC(26) Pause Cleanup 36M->36M(69M) 0.148ms
[2026-03-22T19:15:45.981+0530][18.472s][info][gc,cpu      ] GC(26) User=0.00s Sys=0.00s Real=0.00s
[2026-03-22T19:15:45.981+0530][18.472s][info][gc,marking  ] GC(26) Concurrent Clear Claimed Marks
[2026-03-22T19:15:45.982+0530][18.472s][info][gc,marking  ] GC(26) Concurrent Clear Claimed Marks 0.102ms
[2026-03-22T19:15:45.982+0530][18.472s][info][gc,marking  ] GC(26) Concurrent Cleanup for Next Mark
[2026-03-22T19:15:45.982+0530][18.472s][info][gc,marking  ] GC(26) Concurrent Cleanup for Next Mark 0.376ms
[2026-03-22T19:15:45.982+0530][18.472s][info][gc          ] GC(26) Concurrent Mark Cycle 185.896ms
[2026-03-22T19:15:47.446+0530][19.936s][info][gc,start    ] GC(27) Pause Young (Prepare Mixed) (G1 Evacuation Pause)
[2026-03-22T19:15:47.446+0530][19.936s][info][gc,task     ] GC(27) Using 4 workers of 4 for evacuation
[2026-03-22T19:15:47.452+0530][19.943s][info][gc,phases   ] GC(27)   Pre Evacuate Collection Set: 0.15ms
[2026-03-22T19:15:47.453+0530][19.943s][info][gc,phases   ] GC(27)   Merge Heap Roots: 0.09ms
[2026-03-22T19:15:47.453+0530][19.943s][info][gc,phases   ] GC(27)   Evacuate Collection Set: 5.05ms
[2026-03-22T19:15:47.453+0530][19.943s][info][gc,phases   ] GC(27)   Post Evacuate Collection Set: 1.00ms
[2026-03-22T19:15:47.453+0530][19.943s][info][gc,phases   ] GC(27)   Other: 0.14ms
[2026-03-22T19:15:47.453+0530][19.943s][info][gc,heap     ] GC(27) Eden regions: 27->0(26)
[2026-03-22T19:15:47.453+0530][19.943s][info][gc,heap     ] GC(27) Survivor regions: 3->3(4)
[2026-03-22T19:15:47.453+0530][19.943s][info][gc,heap     ] GC(27) Old regions: 30->31
[2026-03-22T19:15:47.453+0530][19.943s][info][gc,heap     ] GC(27) Humongous regions: 2->2
[2026-03-22T19:15:47.453+0530][19.943s][info][gc,metaspace] GC(27) Metaspace: 76702K(77504K)->76702K(77504K) NonClass: 65975K(66432K)->65975K(66432K) Class: 10727K(11072K)->10727K(11072K)
[2026-03-22T19:15:47.453+0530][19.943s][info][gc          ] GC(27) Pause Young (Prepare Mixed) (G1 Evacuation Pause) 61M->35M(69M) 7.003ms
[2026-03-22T19:15:47.453+0530][19.943s][info][gc,cpu      ] GC(27) User=0.00s Sys=0.02s Real=0.01s
[2026-03-22T19:15:48.978+0530][21.469s][info][gc,start    ] GC(28) Pause Young (Mixed) (G1 Evacuation Pause)
[2026-03-22T19:15:48.978+0530][21.469s][info][gc,task     ] GC(28) Using 4 workers of 4 for evacuation
[2026-03-22T19:15:48.988+0530][21.478s][info][gc,phases   ] GC(28)   Pre Evacuate Collection Set: 0.13ms
[2026-03-22T19:15:48.988+0530][21.478s][info][gc,phases   ] GC(28)   Merge Heap Roots: 0.09ms
[2026-03-22T19:15:48.988+0530][21.478s][info][gc,phases   ] GC(28)   Evacuate Collection Set: 7.79ms
[2026-03-22T19:15:48.988+0530][21.479s][info][gc,phases   ] GC(28)   Post Evacuate Collection Set: 1.35ms
[2026-03-22T19:15:48.988+0530][21.479s][info][gc,phases   ] GC(28)   Other: 0.14ms
[2026-03-22T19:15:48.988+0530][21.479s][info][gc,heap     ] GC(28) Eden regions: 26->0(24)
[2026-03-22T19:15:48.988+0530][21.479s][info][gc,heap     ] GC(28) Survivor regions: 3->4(4)
[2026-03-22T19:15:48.988+0530][21.479s][info][gc,heap     ] GC(28) Old regions: 31->31
[2026-03-22T19:15:48.988+0530][21.479s][info][gc,heap     ] GC(28) Humongous regions: 2->2
[2026-03-22T19:15:48.988+0530][21.479s][info][gc,metaspace] GC(28) Metaspace: 80316K(81088K)->80316K(81088K) NonClass: 69073K(69504K)->69073K(69504K) Class: 11243K(11584K)->11243K(11584K)
[2026-03-22T19:15:48.988+0530][21.479s][info][gc          ] GC(28) Pause Young (Mixed) (G1 Evacuation Pause) 61M->36M(69M) 10.047ms
[2026-03-22T19:15:48.989+0530][21.479s][info][gc,cpu      ] GC(28) User=0.05s Sys=0.00s Real=0.01s
[2026-03-22T19:15:50.157+0530][22.647s][info][gc,start    ] GC(29) Pause Young (Concurrent Start) (G1 Evacuation Pause)
[2026-03-22T19:15:50.157+0530][22.647s][info][gc,task     ] GC(29) Using 4 workers of 4 for evacuation
[2026-03-22T19:15:50.166+0530][22.657s][info][gc,phases   ] GC(29)   Pre Evacuate Collection Set: 0.21ms
[2026-03-22T19:15:50.166+0530][22.657s][info][gc,phases   ] GC(29)   Merge Heap Roots: 0.10ms
[2026-03-22T19:15:50.166+0530][22.657s][info][gc,phases   ] GC(29)   Evacuate Collection Set: 8.31ms
[2026-03-22T19:15:50.166+0530][22.657s][info][gc,phases   ] GC(29)   Post Evacuate Collection Set: 1.23ms
[2026-03-22T19:15:50.166+0530][22.657s][info][gc,phases   ] GC(29)   Other: 0.21ms
[2026-03-22T19:15:50.166+0530][22.657s][info][gc,heap     ] GC(29) Eden regions: 24->0(22)
[2026-03-22T19:15:50.166+0530][22.657s][info][gc,heap     ] GC(29) Survivor regions: 4->4(4)
[2026-03-22T19:15:50.166+0530][22.657s][info][gc,heap     ] GC(29) Old regions: 31->33
[2026-03-22T19:15:50.166+0530][22.657s][info][gc,heap     ] GC(29) Humongous regions: 2->2
[2026-03-22T19:15:50.166+0530][22.657s][info][gc,metaspace] GC(29) Metaspace: 83647K(84416K)->83647K(84416K) NonClass: 71938K(72384K)->71938K(72384K) Class: 11709K(12032K)->11709K(12032K)
[2026-03-22T19:15:50.166+0530][22.657s][info][gc          ] GC(29) Pause Young (Concurrent Start) (G1 Evacuation Pause) 60M->38M(69M) 10.654ms
[2026-03-22T19:15:50.166+0530][22.658s][info][gc,cpu      ] GC(29) User=0.00s Sys=0.00s Real=0.01s
[2026-03-22T19:15:50.166+0530][22.658s][info][gc          ] GC(30) Concurrent Mark Cycle
[2026-03-22T19:15:50.166+0530][22.658s][info][gc,marking  ] GC(30) Concurrent Scan Root Regions
[2026-03-22T19:15:50.178+0530][22.669s][info][gc,marking  ] GC(30) Concurrent Scan Root Regions 11.371ms
[2026-03-22T19:15:50.178+0530][22.669s][info][gc,marking  ] GC(30) Concurrent Mark
[2026-03-22T19:15:50.178+0530][22.669s][info][gc,marking  ] GC(30) Concurrent Mark From Roots
[2026-03-22T19:15:50.178+0530][22.669s][info][gc,task     ] GC(30) Using 1 workers of 1 for marking
[2026-03-22T19:15:50.285+0530][22.776s][info][gc,marking  ] GC(30) Concurrent Mark From Roots 106.889ms
[2026-03-22T19:15:50.285+0530][22.776s][info][gc,marking  ] GC(30) Concurrent Preclean
[2026-03-22T19:15:50.285+0530][22.776s][info][gc,marking  ] GC(30) Concurrent Preclean 0.156ms
[2026-03-22T19:15:50.285+0530][22.776s][info][gc,start    ] GC(30) Pause Remark
[2026-03-22T19:15:50.293+0530][22.783s][info][gc          ] GC(30) Pause Remark 40M->40M(69M) 6.414ms
[2026-03-22T19:15:50.293+0530][22.783s][info][gc,cpu      ] GC(30) User=0.00s Sys=0.00s Real=0.01s
[2026-03-22T19:15:50.293+0530][22.783s][info][gc,marking  ] GC(30) Concurrent Mark 113.908ms
[2026-03-22T19:15:50.293+0530][22.783s][info][gc,marking  ] GC(30) Concurrent Rebuild Remembered Sets and Scrub Regions
[2026-03-22T19:15:50.339+0530][22.830s][info][gc,marking  ] GC(30) Concurrent Rebuild Remembered Sets and Scrub Regions 46.731ms
[2026-03-22T19:15:50.339+0530][22.830s][info][gc,start    ] GC(30) Pause Cleanup
[2026-03-22T19:15:50.339+0530][22.830s][info][gc          ] GC(30) Pause Cleanup 41M->41M(69M) 0.188ms
[2026-03-22T19:15:50.339+0530][22.830s][info][gc,cpu      ] GC(30) User=0.00s Sys=0.00s Real=0.00s
[2026-03-22T19:15:50.339+0530][22.830s][info][gc,marking  ] GC(30) Concurrent Clear Claimed Marks
[2026-03-22T19:15:50.339+0530][22.830s][info][gc,marking  ] GC(30) Concurrent Clear Claimed Marks 0.108ms
[2026-03-22T19:15:50.339+0530][22.830s][info][gc,marking  ] GC(30) Concurrent Cleanup for Next Mark
[2026-03-22T19:15:50.339+0530][22.831s][info][gc,marking  ] GC(30) Concurrent Cleanup for Next Mark 0.234ms
[2026-03-22T19:15:50.339+0530][22.831s][info][gc          ] GC(30) Concurrent Mark Cycle 173.247ms
[2026-03-22T19:15:51.038+0530][23.529s][info][gc,start    ] GC(31) Pause Young (Prepare Mixed) (G1 Evacuation Pause)
[2026-03-22T19:15:51.038+0530][23.529s][info][gc,task     ] GC(31) Using 4 workers of 4 for evacuation
[2026-03-22T19:15:51.049+0530][23.541s][info][gc,phases   ] GC(31)   Pre Evacuate Collection Set: 0.14ms
[2026-03-22T19:15:51.049+0530][23.541s][info][gc,phases   ] GC(31)   Merge Heap Roots: 0.11ms
[2026-03-22T19:15:51.049+0530][23.541s][info][gc,phases   ] GC(31)   Evacuate Collection Set: 9.74ms
[2026-03-22T19:15:51.049+0530][23.541s][info][gc,phases   ] GC(31)   Post Evacuate Collection Set: 1.05ms
[2026-03-22T19:15:51.051+0530][23.541s][info][gc,phases   ] GC(31)   Other: 0.16ms
[2026-03-22T19:15:51.051+0530][23.541s][info][gc,heap     ] GC(31) Eden regions: 22->0(19)
[2026-03-22T19:15:51.051+0530][23.541s][info][gc,heap     ] GC(31) Survivor regions: 4->4(4)
[2026-03-22T19:15:51.051+0530][23.541s][info][gc,heap     ] GC(31) Old regions: 33->36
[2026-03-22T19:15:51.051+0530][23.541s][info][gc,heap     ] GC(31) Humongous regions: 2->2
[2026-03-22T19:15:51.051+0530][23.541s][info][gc,metaspace] GC(31) Metaspace: 86436K(87168K)->86436K(87168K) NonClass: 74362K(74816K)->74362K(74816K) Class: 12074K(12352K)->12074K(12352K)
[2026-03-22T19:15:51.051+0530][23.541s][info][gc          ] GC(31) Pause Young (Prepare Mixed) (G1 Evacuation Pause) 60M->41M(69M) 11.770ms
[2026-03-22T19:15:51.051+0530][23.541s][info][gc,cpu      ] GC(31) User=0.06s Sys=0.00s Real=0.01s
[2026-03-22T19:15:51.669+0530][24.159s][info][gc,start    ] GC(32) Pause Young (Mixed) (G1 Evacuation Pause)
[2026-03-22T19:15:51.669+0530][24.159s][info][gc,task     ] GC(32) Using 4 workers of 4 for evacuation
[2026-03-22T19:15:51.680+0530][24.171s][info][gc,phases   ] GC(32)   Pre Evacuate Collection Set: 0.12ms
[2026-03-22T19:15:51.680+0530][24.171s][info][gc,phases   ] GC(32)   Merge Heap Roots: 0.10ms
[2026-03-22T19:15:51.680+0530][24.171s][info][gc,phases   ] GC(32)   Evacuate Collection Set: 10.46ms
[2026-03-22T19:15:51.680+0530][24.171s][info][gc,phases   ] GC(32)   Post Evacuate Collection Set: 1.04ms
[2026-03-22T19:15:51.680+0530][24.172s][info][gc,phases   ] GC(32)   Other: 0.16ms
[2026-03-22T19:15:51.680+0530][24.172s][info][gc,heap     ] GC(32) Eden regions: 19->0(18)
[2026-03-22T19:15:51.680+0530][24.172s][info][gc,heap     ] GC(32) Survivor regions: 4->3(3)
[2026-03-22T19:15:51.680+0530][24.172s][info][gc,heap     ] GC(32) Old regions: 36->39
[2026-03-22T19:15:51.680+0530][24.172s][info][gc,heap     ] GC(32) Humongous regions: 2->2
[2026-03-22T19:15:51.680+0530][24.172s][info][gc,metaspace] GC(32) Metaspace: 89297K(90048K)->89297K(90048K) NonClass: 76948K(77376K)->76948K(77376K) Class: 12349K(12672K)->12349K(12672K)
[2026-03-22T19:15:51.682+0530][24.172s][info][gc          ] GC(32) Pause Young (Mixed) (G1 Evacuation Pause) 60M->43M(69M) 12.539ms
[2026-03-22T19:15:51.682+0530][24.172s][info][gc,cpu      ] GC(32) User=0.06s Sys=0.00s Real=0.01s
[2026-03-22T19:15:52.321+0530][24.811s][info][gc,start    ] GC(33) Pause Young (Concurrent Start) (G1 Evacuation Pause)
[2026-03-22T19:15:52.321+0530][24.811s][info][gc,task     ] GC(33) Using 4 workers of 4 for evacuation
[2026-03-22T19:15:52.327+0530][24.818s][info][gc,phases   ] GC(33)   Pre Evacuate Collection Set: 0.14ms
[2026-03-22T19:15:52.327+0530][24.818s][info][gc,phases   ] GC(33)   Merge Heap Roots: 0.07ms
[2026-03-22T19:15:52.327+0530][24.818s][info][gc,phases   ] GC(33)   Evacuate Collection Set: 5.47ms
[2026-03-22T19:15:52.327+0530][24.818s][info][gc,phases   ] GC(33)   Post Evacuate Collection Set: 0.80ms
[2026-03-22T19:15:52.327+0530][24.818s][info][gc,phases   ] GC(33)   Other: 0.15ms
[2026-03-22T19:15:52.327+0530][24.818s][info][gc,heap     ] GC(33) Eden regions: 18->0(17)
[2026-03-22T19:15:52.327+0530][24.818s][info][gc,heap     ] GC(33) Survivor regions: 3->2(3)
[2026-03-22T19:15:52.327+0530][24.818s][info][gc,heap     ] GC(33) Old regions: 39->42
[2026-03-22T19:15:52.327+0530][24.818s][info][gc,heap     ] GC(33) Humongous regions: 2->2
[2026-03-22T19:15:52.327+0530][24.818s][info][gc,metaspace] GC(33) Metaspace: 91124K(91840K)->91124K(91840K) NonClass: 78609K(79040K)->78609K(79040K) Class: 12515K(12800K)->12515K(12800K)
[2026-03-22T19:15:52.327+0530][24.818s][info][gc          ] GC(33) Pause Young (Concurrent Start) (G1 Evacuation Pause) 61M->44M(69M) 7.154ms
[2026-03-22T19:15:52.327+0530][24.818s][info][gc          ] GC(34) Concurrent Mark Cycle
[2026-03-22T19:15:52.327+0530][24.818s][info][gc,cpu      ] GC(33) User=0.02s Sys=0.00s Real=0.01s
[2026-03-22T19:15:52.327+0530][24.818s][info][gc,marking  ] GC(34) Concurrent Scan Root Regions
[2026-03-22T19:15:52.338+0530][24.828s][info][gc,marking  ] GC(34) Concurrent Scan Root Regions 9.489ms
[2026-03-22T19:15:52.338+0530][24.828s][info][gc,marking  ] GC(34) Concurrent Mark
[2026-03-22T19:15:52.338+0530][24.828s][info][gc,marking  ] GC(34) Concurrent Mark From Roots
[2026-03-22T19:15:52.338+0530][24.828s][info][gc,task     ] GC(34) Using 1 workers of 1 for marking
[2026-03-22T19:15:52.476+0530][24.966s][info][gc,marking  ] GC(34) Concurrent Mark From Roots 138.386ms
[2026-03-22T19:15:52.476+0530][24.967s][info][gc,marking  ] GC(34) Concurrent Preclean
[2026-03-22T19:15:52.476+0530][24.967s][info][gc,marking  ] GC(34) Concurrent Preclean 0.266ms
[2026-03-22T19:15:52.477+0530][24.967s][info][gc,start    ] GC(34) Pause Remark
[2026-03-22T19:15:52.488+0530][24.979s][info][gc          ] GC(34) Pause Remark 48M->48M(77M) 11.837ms
[2026-03-22T19:15:52.488+0530][24.979s][info][gc,cpu      ] GC(34) User=0.06s Sys=0.00s Real=0.01s
[2026-03-22T19:15:52.488+0530][24.979s][info][gc,marking  ] GC(34) Concurrent Mark 151.198ms
[2026-03-22T19:15:52.488+0530][24.979s][info][gc,marking  ] GC(34) Concurrent Rebuild Remembered Sets and Scrub Regions
[2026-03-22T19:15:52.543+0530][25.035s][info][gc,marking  ] GC(34) Concurrent Rebuild Remembered Sets and Scrub Regions 55.471ms
[2026-03-22T19:15:52.550+0530][25.041s][info][gc,start    ] GC(34) Pause Cleanup
[2026-03-22T19:15:52.550+0530][25.042s][info][gc          ] GC(34) Pause Cleanup 48M->48M(77M) 0.455ms
[2026-03-22T19:15:52.550+0530][25.042s][info][gc,cpu      ] GC(34) User=0.00s Sys=0.00s Real=0.00s
[2026-03-22T19:15:52.550+0530][25.042s][info][gc,marking  ] GC(34) Concurrent Clear Claimed Marks
[2026-03-22T19:15:52.551+0530][25.042s][info][gc,marking  ] GC(34) Concurrent Clear Claimed Marks 0.091ms
[2026-03-22T19:15:52.551+0530][25.042s][info][gc,marking  ] GC(34) Concurrent Cleanup for Next Mark
[2026-03-22T19:15:52.551+0530][25.042s][info][gc,marking  ] GC(34) Concurrent Cleanup for Next Mark 0.373ms
[2026-03-22T19:15:52.551+0530][25.042s][info][gc          ] GC(34) Concurrent Mark Cycle 223.955ms
[2026-03-22T19:15:52.977+0530][25.468s][info][gc,start    ] GC(35) Pause Young (Prepare Mixed) (G1 Evacuation Pause)
[2026-03-22T19:15:52.977+0530][25.468s][info][gc,task     ] GC(35) Using 4 workers of 4 for evacuation
[2026-03-22T19:15:52.982+0530][25.474s][info][gc,phases   ] GC(35)   Pre Evacuate Collection Set: 0.16ms
[2026-03-22T19:15:52.982+0530][25.474s][info][gc,phases   ] GC(35)   Merge Heap Roots: 0.09ms
[2026-03-22T19:15:52.982+0530][25.474s][info][gc,phases   ] GC(35)   Evacuate Collection Set: 3.83ms
[2026-03-22T19:15:52.982+0530][25.474s][info][gc,phases   ] GC(35)   Post Evacuate Collection Set: 0.85ms
[2026-03-22T19:15:52.982+0530][25.474s][info][gc,phases   ] GC(35)   Other: 0.13ms
[2026-03-22T19:15:52.982+0530][25.474s][info][gc,heap     ] GC(35) Eden regions: 16->0(22)
[2026-03-22T19:15:52.982+0530][25.474s][info][gc,heap     ] GC(35) Survivor regions: 2->3(3)
[2026-03-22T19:15:52.984+0530][25.474s][info][gc,heap     ] GC(35) Old regions: 42->42
[2026-03-22T19:15:52.984+0530][25.474s][info][gc,heap     ] GC(35) Humongous regions: 2->2
[2026-03-22T19:15:52.984+0530][25.474s][info][gc,metaspace] GC(35) Metaspace: 92406K(93184K)->92406K(93184K) NonClass: 79701K(80128K)->79701K(80128K) Class: 12704K(13056K)->12704K(13056K)
[2026-03-22T19:15:52.984+0530][25.474s][info][gc          ] GC(35) Pause Young (Prepare Mixed) (G1 Evacuation Pause) 60M->45M(77M) 5.579ms
[2026-03-22T19:15:52.984+0530][25.474s][info][gc,cpu      ] GC(35) User=0.00s Sys=0.02s Real=0.01s
[2026-03-22T19:15:54.036+0530][26.526s][info][gc,start    ] GC(36) Pause Young (Mixed) (G1 Evacuation Pause)
[2026-03-22T19:15:54.036+0530][26.526s][info][gc,task     ] GC(36) Using 4 workers of 4 for evacuation
[2026-03-22T19:15:54.044+0530][26.535s][info][gc,phases   ] GC(36)   Pre Evacuate Collection Set: 0.13ms
[2026-03-22T19:15:54.044+0530][26.536s][info][gc,phases   ] GC(36)   Merge Heap Roots: 0.08ms
[2026-03-22T19:15:54.044+0530][26.536s][info][gc,phases   ] GC(36)   Evacuate Collection Set: 7.50ms
[2026-03-22T19:15:54.044+0530][26.536s][info][gc,phases   ] GC(36)   Post Evacuate Collection Set: 1.24ms
[2026-03-22T19:15:54.044+0530][26.536s][info][gc,phases   ] GC(36)   Other: 0.14ms
[2026-03-22T19:15:54.044+0530][26.536s][info][gc,heap     ] GC(36) Eden regions: 22->0(36)
[2026-03-22T19:15:54.044+0530][26.536s][info][gc,heap     ] GC(36) Survivor regions: 3->4(4)
[2026-03-22T19:15:54.044+0530][26.536s][info][gc,heap     ] GC(36) Old regions: 42->41
[2026-03-22T19:15:54.046+0530][26.536s][info][gc,heap     ] GC(36) Humongous regions: 2->2
[2026-03-22T19:15:54.046+0530][26.536s][info][gc,metaspace] GC(36) Metaspace: 94652K(95552K)->94652K(95552K) NonClass: 81614K(82112K)->81614K(82112K) Class: 13037K(13440K)->13037K(13440K)
[2026-03-22T19:15:54.046+0530][26.536s][info][gc          ] GC(36) Pause Young (Mixed) (G1 Evacuation Pause) 67M->46M(93M) 9.669ms
[2026-03-22T19:15:54.046+0530][26.536s][info][gc,cpu      ] GC(36) User=0.00s Sys=0.00s Real=0.01s
[2026-03-22T19:15:55.818+0530][28.309s][info][gc,start    ] GC(37) Pause Young (Normal) (G1 Evacuation Pause)
[2026-03-22T19:15:55.818+0530][28.310s][info][gc,task     ] GC(37) Using 4 workers of 4 for evacuation
[2026-03-22T19:15:55.831+0530][28.322s][info][gc,phases   ] GC(37)   Pre Evacuate Collection Set: 0.14ms
[2026-03-22T19:15:55.831+0530][28.322s][info][gc,phases   ] GC(37)   Merge Heap Roots: 0.17ms
[2026-03-22T19:15:55.831+0530][28.322s][info][gc,phases   ] GC(37)   Evacuate Collection Set: 10.41ms
[2026-03-22T19:15:55.831+0530][28.322s][info][gc,phases   ] GC(37)   Post Evacuate Collection Set: 1.38ms
[2026-03-22T19:15:55.831+0530][28.322s][info][gc,phases   ] GC(37)   Other: 0.16ms
[2026-03-22T19:15:55.831+0530][28.322s][info][gc,heap     ] GC(37) Eden regions: 36->0(33)
[2026-03-22T19:15:55.831+0530][28.322s][info][gc,heap     ] GC(37) Survivor regions: 4->5(5)
[2026-03-22T19:15:55.831+0530][28.322s][info][gc,heap     ] GC(37) Old regions: 41->42
[2026-03-22T19:15:55.831+0530][28.322s][info][gc,heap     ] GC(37) Humongous regions: 2->2
[2026-03-22T19:15:55.831+0530][28.322s][info][gc,metaspace] GC(37) Metaspace: 98729K(99648K)->98729K(99648K) NonClass: 85010K(85504K)->85010K(85504K) Class: 13718K(14144K)->13718K(14144K)
[2026-03-22T19:15:55.831+0530][28.322s][info][gc          ] GC(37) Pause Young (Normal) (G1 Evacuation Pause) 82M->48M(93M) 12.818ms
[2026-03-22T19:15:55.831+0530][28.322s][info][gc,cpu      ] GC(37) User=0.06s Sys=0.00s Real=0.01s
[2026-03-22T19:15:58.299+0530][30.789s][info][gc,start    ] GC(38) Pause Young (Normal) (G1 Evacuation Pause)
[2026-03-22T19:15:58.299+0530][30.789s][info][gc,task     ] GC(38) Using 4 workers of 4 for evacuation
[2026-03-22T19:15:58.316+0530][30.806s][info][gc,phases   ] GC(38)   Pre Evacuate Collection Set: 0.17ms
[2026-03-22T19:15:58.316+0530][30.807s][info][gc,phases   ] GC(38)   Merge Heap Roots: 0.12ms
[2026-03-22T19:15:58.316+0530][30.807s][info][gc,phases   ] GC(38)   Evacuate Collection Set: 15.23ms
[2026-03-22T19:15:58.316+0530][30.807s][info][gc,phases   ] GC(38)   Post Evacuate Collection Set: 1.53ms
[2026-03-22T19:15:58.316+0530][30.807s][info][gc,phases   ] GC(38)   Other: 0.14ms
[2026-03-22T19:15:58.316+0530][30.807s][info][gc,heap     ] GC(38) Eden regions: 33->0(32)
[2026-03-22T19:15:58.316+0530][30.807s][info][gc,heap     ] GC(38) Survivor regions: 5->3(5)
[2026-03-22T19:15:58.316+0530][30.807s][info][gc,heap     ] GC(38) Old regions: 42->47
[2026-03-22T19:15:58.316+0530][30.807s][info][gc,heap     ] GC(38) Humongous regions: 2->2
[2026-03-22T19:15:58.316+0530][30.807s][info][gc,metaspace] GC(38) Metaspace: 104183K(105152K)->104183K(105152K) NonClass: 89514K(90048K)->89514K(90048K) Class: 14668K(15104K)->14668K(15104K)
[2026-03-22T19:15:58.317+0530][30.807s][info][gc          ] GC(38) Pause Young (Normal) (G1 Evacuation Pause) 81M->51M(93M) 17.720ms
[2026-03-22T19:15:58.317+0530][30.807s][info][gc,cpu      ] GC(38) User=0.05s Sys=0.00s Real=0.02s
[2026-03-22T19:15:59.430+0530][31.922s][info][gc,start    ] GC(39) Pause Young (Concurrent Start) (G1 Evacuation Pause)
[2026-03-22T19:15:59.431+0530][31.922s][info][gc,task     ] GC(39) Using 4 workers of 4 for evacuation
[2026-03-22T19:15:59.442+0530][31.932s][info][gc,phases   ] GC(39)   Pre Evacuate Collection Set: 0.14ms
[2026-03-22T19:15:59.442+0530][31.932s][info][gc,phases   ] GC(39)   Merge Heap Roots: 0.08ms
[2026-03-22T19:15:59.442+0530][31.932s][info][gc,phases   ] GC(39)   Evacuate Collection Set: 7.05ms
[2026-03-22T19:15:59.442+0530][31.932s][info][gc,phases   ] GC(39)   Post Evacuate Collection Set: 2.38ms
[2026-03-22T19:15:59.442+0530][31.932s][info][gc,phases   ] GC(39)   Other: 0.24ms
[2026-03-22T19:15:59.442+0530][31.932s][info][gc,heap     ] GC(39) Eden regions: 32->0(30)
[2026-03-22T19:15:59.442+0530][31.932s][info][gc,heap     ] GC(39) Survivor regions: 3->4(5)
[2026-03-22T19:15:59.442+0530][31.932s][info][gc,heap     ] GC(39) Old regions: 47->47
[2026-03-22T19:15:59.442+0530][31.932s][info][gc,heap     ] GC(39) Humongous regions: 2->2
[2026-03-22T19:15:59.442+0530][31.932s][info][gc,metaspace] GC(39) Metaspace: 108584K(109504K)->108584K(109504K) NonClass: 93260K(93760K)->93260K(93760K) Class: 15323K(15744K)->15323K(15744K)
[2026-03-22T19:15:59.442+0530][31.932s][info][gc          ] GC(39) Pause Young (Concurrent Start) (G1 Evacuation Pause) 83M->52M(93M) 10.340ms
[2026-03-22T19:15:59.442+0530][31.932s][info][gc          ] GC(40) Concurrent Mark Cycle
[2026-03-22T19:15:59.442+0530][31.932s][info][gc,cpu      ] GC(39) User=0.03s Sys=0.02s Real=0.01s
[2026-03-22T19:15:59.442+0530][31.932s][info][gc,marking  ] GC(40) Concurrent Scan Root Regions
[2026-03-22T19:15:59.448+0530][31.939s][info][gc,marking  ] GC(40) Concurrent Scan Root Regions 6.525ms
[2026-03-22T19:15:59.449+0530][31.939s][info][gc,marking  ] GC(40) Concurrent Mark
[2026-03-22T19:15:59.449+0530][31.939s][info][gc,marking  ] GC(40) Concurrent Mark From Roots
[2026-03-22T19:15:59.449+0530][31.939s][info][gc,task     ] GC(40) Using 1 workers of 1 for marking
[2026-03-22T19:15:59.645+0530][32.135s][info][gc,marking  ] GC(40) Concurrent Mark From Roots 196.390ms
[2026-03-22T19:15:59.645+0530][32.135s][info][gc,marking  ] GC(40) Concurrent Preclean
[2026-03-22T19:15:59.645+0530][32.135s][info][gc,marking  ] GC(40) Concurrent Preclean 0.111ms
[2026-03-22T19:15:59.652+0530][32.143s][info][gc,start    ] GC(40) Pause Remark
[2026-03-22T19:15:59.659+0530][32.151s][info][gc          ] GC(40) Pause Remark 54M->54M(93M) 7.666ms
[2026-03-22T19:15:59.659+0530][32.151s][info][gc,cpu      ] GC(40) User=0.05s Sys=0.00s Real=0.01s
[2026-03-22T19:15:59.659+0530][32.151s][info][gc,marking  ] GC(40) Concurrent Mark 211.902ms
[2026-03-22T19:15:59.659+0530][32.151s][info][gc,marking  ] GC(40) Concurrent Rebuild Remembered Sets and Scrub Regions
[2026-03-22T19:15:59.730+0530][32.221s][info][gc,marking  ] GC(40) Concurrent Rebuild Remembered Sets and Scrub Regions 69.693ms
[2026-03-22T19:15:59.730+0530][32.221s][info][gc,start    ] GC(40) Pause Cleanup
[2026-03-22T19:15:59.730+0530][32.221s][info][gc          ] GC(40) Pause Cleanup 55M->55M(93M) 0.189ms
[2026-03-22T19:15:59.730+0530][32.221s][info][gc,cpu      ] GC(40) User=0.00s Sys=0.00s Real=0.00s
[2026-03-22T19:15:59.730+0530][32.221s][info][gc,marking  ] GC(40) Concurrent Clear Claimed Marks
[2026-03-22T19:15:59.730+0530][32.221s][info][gc,marking  ] GC(40) Concurrent Clear Claimed Marks 0.140ms
[2026-03-22T19:15:59.730+0530][32.221s][info][gc,marking  ] GC(40) Concurrent Cleanup for Next Mark
[2026-03-22T19:15:59.730+0530][32.222s][info][gc,marking  ] GC(40) Concurrent Cleanup for Next Mark 0.520ms
[2026-03-22T19:15:59.732+0530][32.222s][info][gc          ] GC(40) Concurrent Mark Cycle 289.630ms
[2026-03-22T19:20:01.036+0530][273.527s][info][gc,start    ] GC(41) Pause Young (Prepare Mixed) (G1 Evacuation Pause)
[2026-03-22T19:20:01.036+0530][273.527s][info][gc,task     ] GC(41) Using 4 workers of 4 for evacuation
[2026-03-22T19:20:01.044+0530][273.535s][info][gc,phases   ] GC(41)   Pre Evacuate Collection Set: 0.17ms
[2026-03-22T19:20:01.044+0530][273.535s][info][gc,phases   ] GC(41)   Merge Heap Roots: 0.11ms
[2026-03-22T19:20:01.044+0530][273.535s][info][gc,phases   ] GC(41)   Evacuate Collection Set: 6.43ms
[2026-03-22T19:20:01.044+0530][273.535s][info][gc,phases   ] GC(41)   Post Evacuate Collection Set: 1.07ms
[2026-03-22T19:20:01.044+0530][273.535s][info][gc,phases   ] GC(41)   Other: 0.12ms
[2026-03-22T19:20:01.044+0530][273.535s][info][gc,heap     ] GC(41) Eden regions: 30->0(30)
[2026-03-22T19:20:01.044+0530][273.535s][info][gc,heap     ] GC(41) Survivor regions: 4->3(5)
[2026-03-22T19:20:01.044+0530][273.535s][info][gc,heap     ] GC(41) Old regions: 47->49
[2026-03-22T19:20:01.045+0530][273.535s][info][gc,heap     ] GC(41) Humongous regions: 2->2
[2026-03-22T19:20:01.045+0530][273.535s][info][gc,metaspace] GC(41) Metaspace: 110380K(111424K)->110380K(111424K) NonClass: 94788K(95360K)->94788K(95360K) Class: 15591K(16064K)->15591K(16064K)
[2026-03-22T19:20:01.045+0530][273.535s][info][gc          ] GC(41) Pause Young (Prepare Mixed) (G1 Evacuation Pause) 82M->52M(93M) 8.547ms
[2026-03-22T19:20:01.045+0530][273.535s][info][gc,cpu      ] GC(41) User=0.00s Sys=0.00s Real=0.01s
[2026-03-22T19:23:31.351+0530][483.841s][info][gc,heap,exit] Heap
[2026-03-22T19:23:31.351+0530][483.841s][info][gc,heap,exit]  garbage-first heap   total reserved 2072576K, committed 95232K, used 74803K [0x0000000081800000, 0x0000000100000000)
[2026-03-22T19:23:31.351+0530][483.841s][info][gc,heap,exit]   region size 1024K, 24 young (24576K), 3 survivors (3072K)
[2026-03-22T19:23:31.351+0530][483.841s][info][gc,heap,exit]  Metaspace       used 110485K, committed 111488K, reserved 1179648K
[2026-03-22T19:23:31.351+0530][483.841s][info][gc,heap,exit]   class space    used 15616K, committed 16064K, reserved 1048576K
